
============================================================
  WLC RESOLVE — DRY RUN
  WLC dir : /home/albert/projects/bible/Hebrew_Bible_WLC/One_Directory_WLC
  DB      : /home/albert/projects/bible/atomic_bible.sqlite3
============================================================

  PHASE 1 — Resolving 113 conflict pairs

  [APPARATUS] 001_GEN_032_033_WLC.txt
  [APPARATUS] 002_EXO_007_026_WLC.txt
  [APPARATUS] 002_EXO_007_027_WLC.txt
  [APPARATUS] 002_EXO_007_028_WLC.txt
  [APPARATUS] 002_EXO_007_029_WLC.txt
  [APPARATUS] 002_EXO_021_037_WLC.txt
  [DUPLICATE] 003_LEV_005_020_WLC.txt — deleting
  [APPARATUS] 003_LEV_005_021_WLC.txt
  [APPARATUS] 003_LEV_005_022_WLC.txt
  [APPARATUS] 003_LEV_005_023_WLC.txt
  [APPARATUS] 003_LEV_005_024_WLC.txt
  [APPARATUS] 003_LEV_005_025_WLC.txt
  [APPARATUS] 003_LEV_005_026_WLC.txt
  [APPARATUS] 004_NUM_017_014_WLC.txt
  [APPARATUS] 004_NUM_017_015_WLC.txt
  [APPARATUS] 004_NUM_017_016_WLC.txt
  [APPARATUS] 004_NUM_017_017_WLC.txt
  [APPARATUS] 004_NUM_017_018_WLC.txt
  [APPARATUS] 004_NUM_017_019_WLC.txt
  [APPARATUS] 004_NUM_017_020_WLC.txt
  [APPARATUS] 004_NUM_017_021_WLC.txt
  [APPARATUS] 004_NUM_017_022_WLC.txt
  [APPARATUS] 004_NUM_017_023_WLC.txt
  [APPARATUS] 004_NUM_017_024_WLC.txt
  [APPARATUS] 004_NUM_017_025_WLC.txt
  [APPARATUS] 004_NUM_017_026_WLC.txt
  [APPARATUS] 004_NUM_017_027_WLC.txt
  [APPARATUS] 004_NUM_017_028_WLC.txt
  [APPARATUS] 004_NUM_025_019_WLC.txt
  [APPARATUS] 004_NUM_030_017_WLC.txt
  [APPARATUS] 005_DEU_013_019_WLC.txt
  [APPARATUS] 005_DEU_023_026_WLC.txt
  [APPARATUS] 005_DEU_028_069_WLC.txt
  [APPARATUS] 009_1SA_021_016_WLC.txt
  [APPARATUS] 009_1SA_024_023_WLC.txt
  [APPARATUS] 010_2SA_019_044_WLC.txt
  [APPARATUS] 011_1KI_005_019_WLC.txt
  [APPARATUS] 011_1KI_005_020_WLC.txt
  [APPARATUS] 011_1KI_005_021_WLC.txt
  [APPARATUS] 011_1KI_005_022_WLC.txt
  [APPARATUS] 011_1KI_005_023_WLC.txt
  [APPARATUS] 011_1KI_005_024_WLC.txt
  [APPARATUS] 011_1KI_005_025_WLC.txt
  [APPARATUS] 011_1KI_005_026_WLC.txt
  [APPARATUS] 011_1KI_005_027_WLC.txt
  [APPARATUS] 011_1KI_005_028_WLC.txt
  [APPARATUS] 011_1KI_005_029_WLC.txt
  [APPARATUS] 011_1KI_005_030_WLC.txt
  [APPARATUS] 011_1KI_005_031_WLC.txt
  [APPARATUS] 011_1KI_005_032_WLC.txt
  [APPARATUS] 012_2KI_012_022_WLC.txt
  [APPARATUS] 013_1CH_005_027_WLC.txt
  [APPARATUS] 013_1CH_005_028_WLC.txt
  [APPARATUS] 013_1CH_005_029_WLC.txt
  [APPARATUS] 013_1CH_005_030_WLC.txt
  [APPARATUS] 013_1CH_005_031_WLC.txt
  [APPARATUS] 013_1CH_005_032_WLC.txt
  [APPARATUS] 013_1CH_005_033_WLC.txt
  [APPARATUS] 013_1CH_005_034_WLC.txt
  [APPARATUS] 013_1CH_005_035_WLC.txt
  [APPARATUS] 013_1CH_005_036_WLC.txt
  [APPARATUS] 013_1CH_005_037_WLC.txt
  [APPARATUS] 013_1CH_005_038_WLC.txt
  [APPARATUS] 013_1CH_005_039_WLC.txt
  [APPARATUS] 013_1CH_005_040_WLC.txt
  [APPARATUS] 013_1CH_005_041_WLC.txt
  [APPARATUS] 013_1CH_012_041_WLC.txt
  [APPARATUS] 014_2CH_001_018_WLC.txt
  [APPARATUS] 014_2CH_013_023_WLC.txt
  [APPARATUS] 016_NEH_003_033_WLC.txt
  [APPARATUS] 016_NEH_003_034_WLC.txt
  [APPARATUS] 016_NEH_003_035_WLC.txt
  [APPARATUS] 016_NEH_003_036_WLC.txt
  [APPARATUS] 016_NEH_003_037_WLC.txt
  [APPARATUS] 016_NEH_003_038_WLC.txt
  [APPARATUS] 016_NEH_010_040_WLC.txt
  [APPARATUS] 018_JOB_040_025_WLC.txt
  [APPARATUS] 018_JOB_040_026_WLC.txt
  [APPARATUS] 018_JOB_040_027_WLC.txt
  [APPARATUS] 018_JOB_040_028_WLC.txt
  [APPARATUS] 018_JOB_040_029_WLC.txt
  [APPARATUS] 018_JOB_040_030_WLC.txt
  [APPARATUS] 018_JOB_040_031_WLC.txt
  [APPARATUS] 018_JOB_040_032_WLC.txt
  [APPARATUS] 021_ECC_004_017_WLC.txt
  [APPARATUS] 022_SNG_007_014_WLC.txt
  [APPARATUS] 023_ISA_008_023_WLC.txt
  [APPARATUS] 024_JER_008_023_WLC.txt
  [APPARATUS] 026_EZK_021_033_WLC.txt
  [APPARATUS] 026_EZK_021_034_WLC.txt
  [APPARATUS] 026_EZK_021_035_WLC.txt
  [APPARATUS] 026_EZK_021_036_WLC.txt
  [APPARATUS] 026_EZK_021_037_WLC.txt
  [APPARATUS] 027_DAN_003_031_WLC.txt
  [APPARATUS] 027_DAN_003_032_WLC.txt
  [APPARATUS] 027_DAN_003_033_WLC.txt
  [APPARATUS] 027_DAN_006_029_WLC.txt
  [APPARATUS] 028_HOS_002_024_WLC.txt
  [APPARATUS] 028_HOS_002_025_WLC.txt
  [APPARATUS] 028_HOS_012_015_WLC.txt
  [APPARATUS] 028_HOS_014_010_WLC.txt
  [APPARATUS] 029_JOL_004_001_WLC.txt
  [APPARATUS] 029_JOL_004_002_WLC.txt
  [APPARATUS] 029_JOL_004_003_WLC.txt
  [APPARATUS] 029_JOL_004_004_WLC.txt
  [APPARATUS] 029_JOL_004_005_WLC.txt
  [APPARATUS] 032_JON_002_011_WLC.txt
  [APPARATUS] 033_MIC_004_014_WLC.txt
  [APPARATUS] 034_NAM_002_014_WLC.txt
  [APPARATUS] 038_ZEC_002_014_WLC.txt
  [APPARATUS] 038_ZEC_002_015_WLC.txt
  [APPARATUS] 038_ZEC_002_016_WLC.txt
  [APPARATUS] 038_ZEC_002_017_WLC.txt

  PHASE 2 — Processing 23 clean renames

  [RENAME] 039_MAL_003_019_WLC.txt → 039_MAL_004_001_WLC.txt
  [RENAME] 039_MAL_003_020_WLC.txt → 039_MAL_004_002_WLC.txt
  [RENAME] 039_MAL_003_021_WLC.txt → 039_MAL_004_003_WLC.txt
  [RENAME] 039_MAL_003_022_WLC.txt → 039_MAL_004_004_WLC.txt
  [RENAME] 039_MAL_003_023_WLC.txt → 039_MAL_004_005_WLC.txt
  [RENAME] 039_MAL_003_024_WLC.txt → 039_MAL_004_006_WLC.txt
  [RENAME] 029_JOL_004_006_WLC.txt → 029_JOL_003_006_WLC.txt
  [RENAME] 029_JOL_004_007_WLC.txt → 029_JOL_003_007_WLC.txt
  [RENAME] 029_JOL_004_008_WLC.txt → 029_JOL_003_008_WLC.txt
  [RENAME] 029_JOL_004_009_WLC.txt → 029_JOL_003_009_WLC.txt
  [RENAME] 029_JOL_004_010_WLC.txt → 029_JOL_003_010_WLC.txt
  [RENAME] 029_JOL_004_011_WLC.txt → 029_JOL_003_011_WLC.txt
  [RENAME] 029_JOL_004_012_WLC.txt → 029_JOL_003_012_WLC.txt
  [RENAME] 029_JOL_004_013_WLC.txt → 029_JOL_003_013_WLC.txt
  [RENAME] 029_JOL_004_014_WLC.txt → 029_JOL_003_014_WLC.txt
  [RENAME] 029_JOL_004_015_WLC.txt → 029_JOL_003_015_WLC.txt
  [RENAME] 029_JOL_004_016_WLC.txt → 029_JOL_003_016_WLC.txt
  [RENAME] 029_JOL_004_017_WLC.txt → 029_JOL_003_017_WLC.txt
  [RENAME] 029_JOL_004_018_WLC.txt → 029_JOL_003_018_WLC.txt
  [RENAME] 029_JOL_004_019_WLC.txt → 029_JOL_003_019_WLC.txt
  [RENAME] 029_JOL_004_020_WLC.txt → 029_JOL_003_020_WLC.txt
  [RENAME] 029_JOL_004_021_WLC.txt → 029_JOL_003_021_WLC.txt
  [RENAME] 011_1KI_022_054_WLC.txt → 011_1KI_023_001_WLC.txt

  PHASE 3 — Reassigning GOI for all WLC verses

  [DRY RUN] GOI reassignment skipped

  PHASE 4 — Contract check

  VERSION   TOTAL  GOI SET  RANGE
  ---------------------------------------------
  CUV       31102             ✓  1-31102
  KJV       31102             ✓  1-31102
  TR1550     7957             ✓  23146-31102
  WEBUS     31102             ✓  1-31102
  WLC       23213  ✗ (202 NULL)  1-23139

============================================================
  SUMMARY (DRY RUN)
    Apparatus   : 112
    Duplicates  : 1
    Renames     : 23
    Missing     : 0
    Errors      : 0
    Forensics   : /home/albert/projects/bible/resolve_wlc_forensics_20260517_171456.csv
============================================================

  Run with --apply to execute

