nohup: ignoring input
Traceback (most recent call last):
  File "/home/albert/projects/bible/Greek_Noun_Extraction/noun_count.py", line 664, in <module>
    process_all(
    ~~~~~~~~~~~^
        dry_run=args.dry_run,
        ^^^^^^^^^^^^^^^^^^^^^
    ...<3 lines>...
        rerun_errors=args.rerun_errors,
        ^^^^^^^^^^^^^^^^^^^^^^^^^^^^^^^
    )
    ^
  File "/home/albert/projects/bible/Greek_Noun_Extraction/noun_count.py", line 454, in process_all
    version_id = init_db(conn)
  File "/home/albert/projects/bible/Greek_Noun_Extraction/noun_count.py", line 266, in init_db
    cur.execute("""
    ~~~~~~~~~~~^^^^
        INSERT OR IGNORE INTO versions (version_code, language_code)
        ^^^^^^^^^^^^^^^^^^^^^^^^^^^^^^^^^^^^^^^^^^^^^^^^^^^^^^^^^^^^
        VALUES ('TR1550', 'grc')
        ^^^^^^^^^^^^^^^^^^^^^^^^
    """)
    ^^^^
sqlite3.OperationalError: database is locked
